POWER-000 Docker/x86-64 container smoke
timestamp=2026-09-20T17:47:07Z

=== DOCKER CLIENT/SERVER ===
Client:
 Version:           29.8.0
 API version:       1.56
 Go version:        go1.26.8
 Git commit:        88096ef
 Built:             Thu Sep  3 21:49:43 2026
 OS/Arch:           darwin/arm64
 Context:           desktop-linux

Server: Docker Desktop 4.91.0 (239619)
 Engine:
  Version:          29.8.0
  API version:      1.56 (minimum version 1.40)
  Go version:       go1.26.8
  Git commit:       3ce5872
  Built:            Thu Sep  3 21:49:37 2026
  OS/Arch:          linux/arm64
  Experimental:     false
 containerd:
  Version:          v2.3.4
  GitCommit:        db8809540e1a7a9da5d518876894933ff55692ab
 runc:
  Version:          1.4.3
  GitCommit:        v1.4.3-0-gbb14dabe
 docker-init:
  Version:          0.19.0
  GitCommit:        de40ad0

=== DOCKER RESOURCES ===
Architecture=aarch64 CPUs=12 MemoryBytes=8319238144

=== NATIVE CONTAINER ===
Unable to find image 'ubuntu:22.04' locally
22.04: Pulling from library/ubuntu
e4be80ccf236: Pulling fs layer
7eedb4ba126e: Download complete
e4be80ccf236: Download complete
e4be80ccf236: Pull complete
Digest: sha256:b8b6ee6aa931ecd9d0d952abc34dc0e5f7c6a30c6bb71b079fe399fde0329c02
Status: Downloaded newer image for ubuntu:22.04
arch=aarch64
cpus=12
               total        used        free      shared  buff/cache   available
Mem:           7.7Gi       470Mi       6.7Gi       0.0Ki       555Mi       7.1Gi
Swap:          1.0Gi          0B       1.0Gi
NAME="Ubuntu"
VERSION_ID="22.04"
VERSION="22.04.5 LTS (Jammy Jellyfish)"

=== REQUIRED X86-64 CONTAINER ===
Unable to find image 'ubuntu:22.04' locally
22.04: Pulling from library/ubuntu
20c3783cc497: Pulling fs layer
dfa215c03b9b: Download complete
20c3783cc497: Download complete
20c3783cc497: Pull complete
Digest: sha256:b8b6ee6aa931ecd9d0d952abc34dc0e5f7c6a30c6bb71b079fe399fde0329c02
Status: Image is up to date for ubuntu:22.04
arch=x86_64
cpus=12
               total        used        free      shared  buff/cache   available
Mem:           7.7Gi       534Mi       6.6Gi       0.0Ki       679Mi       7.1Gi
Swap:          1.0Gi          0B       1.0Gi
NAME="Ubuntu"
VERSION_ID="22.04"
VERSION="22.04.5 LTS (Jammy Jellyfish)"
AMD64_CONTAINER_SMOKE=PASS
