POWER-000 Gate-0 bootstrap inventory
timestamp=2026-09-20T17:26:30Z

=== PATHS ===
PORTFOLIO_ROOT=/Users/Dilan/Projects
RTL_TO_PIXELS_ROOT=/Users/Dilan/Projects/from-rtl-to-pixels
POWER_TO_GDS_ROOT=/Users/Dilan/Projects/Power-to-GDS
ASIC_TOOLS_ROOT=/Users/Dilan/.local/share/power-to-gds
ORFS_ROOT=/Users/Dilan/.local/share/power-to-gds/OpenROAD-flow-scripts

=== HOST ===
Darwin MacBook-Pro.local 25.4.0 Darwin Kernel Version 25.4.0: Thu Mar 19 19:31:17 PDT 2026; root:xnu-12377.101.15~1/RELEASE_ARM64_T6020 arm64
arm64
ProductName:		macOS
ProductVersion:		26.4.1
BuildVersion:		25E253
cpus=12
mem_bytes=17179869184

=== DISK ===
Filesystem      Size    Used   Avail Capacity iused ifree %iused  Mounted on
/dev/disk3s5   926Gi   357Gi   533Gi    41%    3.7M  5.6G    0%   /System/Volumes/Data

=== SOURCE RTL REFERENCE ===
8c83fdfccbba72b786efbca3f0a3ae0b3cf2a55f
## main...origin/main

=== POWER-TO-GDS REPOSITORY ===
/Users/Dilan/Projects/Power-to-GDS
## No commits yet on main
?? .env.paths
?? .gitignore
?? results/

=== ORFS ===
3a964e13f11a4e435aac01ffa14db0a7d2853720
 4a7cf9b22a5f24f32ce4f4eb1448fef4d2a367ca tools/OpenROAD (26Q3-2276-g4a7cf9b22a)
 f70c2e38592d704c8cccf68433b091e82c8118f0 tools/kepler-formal (remotes/origin/fix10-4-gf70c2e3)
 a5af9d690a43744bf6b2cc3dea2717c16b54621c tools/yosys (0.45-3722-ga5af9d690)

=== HOST PACKAGE/CONTAINER TOOLS ===
/opt/homebrew/bin/brew
Homebrew 7.0.4
zsh: command not found: docker

=== GLOBAL EDA TOOLS ===
zsh: command not found: openroad
zsh: command not found: yosys
zsh: command not found: klayout
