POWER-000 pinned ORFS native-arm64 build
timestamp=2026-09-20T18:18:19Z
ORFS=3a964e13f11a4e435aac01ffa14db0a7d2853720
THREADS=2
DOCKER_DEFAULT_PLATFORM=linux/arm64
TAG=26Q3-2276-g4a7cf9b22a-35f109

find: /Users/Dilan/.local/share/power-to-gds/OpenROAD-flow-scripts/dependencies: No such file or directory
[INFO FLW-0028] Compiling with 2 threads.
[INFO FLW-0027] Saving logs to build_openroad.log
[INFO FLW-0028] ./build_openroad.sh --no_init --threads 2
        0.68 real         0.02 user         0.03 sys
             2457600  maximum resident set size
                   0  average shared memory size
                   0  average unshared data size
                   0  average unshared stack size
                4191  page reclaims
                  16  page faults
                   0  swaps
                   0  block input operations
                   0  block output operations
                   0  messages sent
                   0  messages received
                   4  signals received
                  28  voluntary context switches
                 148  involuntary context switches
            46328309  instructions retired
            33090967  cycles elapsed
             1687888  peak memory footprint
./build_openroad.sh: line 275: OPENROAD_APP_USER_ARGS[@]: unbound variable
ORFS_NATIVE_ARM64_BUILD_RC=1
