POWER-000 pinned ORFS Docker build preflight
timestamp=2026-09-20T18:18:00Z

=== SOURCE FREEZE ===
3a964e13f11a4e435aac01ffa14db0a7d2853720
 4a7cf9b22a5f24f32ce4f4eb1448fef4d2a367ca tools/OpenROAD (26Q3-2276-g4a7cf9b22a)
 f70c2e38592d704c8cccf68433b091e82c8118f0 tools/kepler-formal (remotes/origin/fix10-4-gf70c2e3)
 a5af9d690a43744bf6b2cc3dea2717c16b54621c tools/yosys (0.45-3722-ga5af9d690)

=== DOCKER ===
Client:
 Version:           29.8.0
 API version:       1.56
 Go version:        go1.26.8
 Git commit:        88096ef
 Built:             Thu Sep  3 21:49:43 2026
 OS/Arch:           darwin/arm64
 Context:           desktop-linux

Server: Docker Desktop 4.91.0 (239619)
 Engine:
  Version:          29.8.0
  API version:      1.56 (minimum version 1.40)
  Go version:       go1.26.8
  Git commit:       3ce5872
  Built:            Thu Sep  3 21:49:37 2026
  OS/Arch:          linux/arm64
  Experimental:     false
 containerd:
  Version:          v2.3.4
  GitCommit:        db8809540e1a7a9da5d518876894933ff55692ab
 runc:
  Version:          1.4.3
  GitCommit:        v1.4.3-0-gbb14dabe
 docker-init:
  Version:          0.19.0
  GitCommit:        de40ad0
github.com/docker/buildx v0.37.0 ac30b249211430b85fb8f37b6e7154b5c47ba0b6
Name:   desktop-linux
Driver: docker

Nodes:
Name:             desktop-linux
Endpoint:         desktop-linux
Status:           running
BuildKit version: v0.33.0
Platforms:        linux/arm64, linux/amd64, linux/amd64/v2, linux/riscv64, linux/ppc64le, linux/s390x, linux/386
Labels:
 org.mobyproject.buildkit.worker.containerd.namespace: moby
 org.mobyproject.buildkit.worker.containerd.uuid:      eab19fc9-9c31-4bb1-9481-270657042bb6
 org.mobyproject.buildkit.worker.executor:             containerd
 org.mobyproject.buildkit.worker.hostname:             docker-desktop
 org.mobyproject.buildkit.worker.moby.host-gateway-ip: 192.168.65.254
 org.mobyproject.buildkit.worker.network:              host
 org.mobyproject.buildkit.worker.selinux.enabled:      false
 org.mobyproject.buildkit.worker.snapshotter:          overlayfs
Devices:
 Name:                  docker.com/gpu=webgpu
 Automatically allowed: false
GC Policy rule#0:
 All:            false
 Filters:        type==source.local type==exec.cachemount type==source.git.checkout
 Keep Duration:  48h0m0s
 Max Used Space: 2.764GiB
GC Policy rule#1:
 All:            false
 Keep Duration:  1440h0m0s
 Reserved Space: 20GiB
GC Policy rule#2:
 All:            false
 Reserved Space: 20GiB
GC Policy rule#3:
 All:            true
 Reserved Space: 20GiB

=== HOST UTILITIES ===
bash         /bin/bash
git          /opt/homebrew/bin/git
docker       /usr/local/bin/docker
realpath     /bin/realpath
sha256sum    /sbin/sha256sum

=== GNU READLINK CHECK ===
/Users/Dilan/.local/share/power-to-gds/OpenROAD-flow-scripts/build_openroad.sh
READLINK_F=PASS

=== SUBMODULE COMPLETENESS ===
SUBMODULES=INITIALIZED

=== PINNED IMAGE TAG GENERATOR ===
26Q3-2276-g4a7cf9b22a-35f109
DOCKER_TAG_GENERATOR=PASS

HOST_BUILD_PREFLIGHT=PASS
